05-28 15:30:51.687   961  1025 D AAL     : 05-28 03:30:51.436 BL= 280,ESS= 264, 05-28 03:30:51.486 BL= 280,ESS= 262, 05-28 03:30:51.553 BL= 279,ESS= 262, 05-28 03:30:51.587 BL= 279,ESS= 260, 05-28 03:30:51.687 BL= 279,ESS= 258, 
05-28 15:30:51.692   533  9808 I BTAudioHalDeviceProxy: LoadAudioConfig: savitech low latency = 0
05-28 15:30:51.702  1316  1336 W ActivityTaskManager: Activity top resumed state loss timeout for ActivityRecord{4c7c9d4 u0 com.vasko.pong/.MainActivity t-1 f}}
05-28 15:30:51.698   533  9808 I chatty  : uid=1041(audioserver) writer identical 6 lines
05-28 15:30:51.698   533  9808 I BTAudioHalDeviceProxy: LoadAudioConfig: savitech low latency = 0
05-28 15:30:51.702   961  1025 D AAL     : DRECurveCalculation: BLKNUM = 16 8
05-28 15:30:51.703   575   653 I libPowerHal: [perfNotifyAppState] foreground:com.teslacoilsw.launcher, pid:13665, uid:10252
05-28 15:30:51.703   575   653 I UxUtility: notifyForegroundApp pack:com.teslacoilsw.launcher, uid:10252
05-28 15:30:51.703   575   653 I TouchUtility: notifyAppState error = NULL
05-28 15:30:51.703   575   597 I mtkpower@impl: [notifyAppState] pc:0, com.vasko.pong => com.teslacoilsw.launcher
05-28 15:30:51.704   575   653 I libPowerHal: [perfLockAcq] idx:0 hdl:12590 hint:21 pid:575 duration:1 => ret_hdl:12590
05-28 15:30:51.704   575   653 I libPowerHal: [PE] scn:0 hdl:12590 hint:21 comm:mtkpower@1.0-se pid:575
05-28 15:30:51.704   575   653 I mtkpower@impl: [powerd_req] TIMER_MSG_PERF_LOCK_TIMEOUT hdl:12590
05-28 15:30:51.704   575   653 I libPowerHal: [perfLockRel] hdl:12590, idx:0
05-28 15:30:51.704   575   653 I libPowerHal: [PD] scn:0 hdl:12590 hint:21 comm:mtkpower@1.0-se pid:575
05-28 15:30:51.704   575   653 I libPowerHal: [perfLockRel] hdl:12588, idx:2
05-28 15:30:51.704   575   653 I libPowerHal: [PD] scn:2 hdl:12588 hint:21 comm:mtkpower@1.0-se pid:575
05-28 15:30:51.704   575   653 I libPowerHal: [setClusterFreq] scn:MTKPOWER_HINT_PROCESS_CREATE, freq:0, 0
05-28 15:30:51.704   575   653 I libPowerHal: MTKPOWER_HINT_PROCESS_CREATE: cpu_ctrl set cpu freq: -1 -1 -1 -1
05-28 15:30:51.704   575   653 I libPowerHal: [PD] MTKPOWER_HINT_PROCESS_CREATE update cmd:1000000, param:1
05-28 15:30:51.705   575   653 I libPowerHal: [PD] MTKPOWER_HINT_PROCESS_CREATE update cmd:1408300 param:40
05-28 15:30:51.705   575   653 I libPowerHal: [PD] MTKPOWER_HINT_PROCESS_CREATE update cmd:1000000 param:1
05-28 15:30:51.719   961  1025 D AAL     : DRECurveCalculation: BLKNUM = 16 8
05-28 15:30:51.737   961  1025 D AAL     : DRECurveCalculation: BLKNUM = 16 8
05-28 15:30:51.737   533  9808 I BTAudioHalDeviceProxy: LoadAudioConfig: savitech low latency = 0
05-28 15:30:51.743   533  9808 I chatty  : uid=1041(audioserver) writer identical 6 lines
05-28 15:30:51.744   533  9808 I BTAudioHalDeviceProxy: LoadAudioConfig: savitech low latency = 0
05-28 15:30:51.752   961  1025 D AAL     : DRECurveCalculation: BLKNUM = 16 8
05-28 15:30:51.755 11340 18043 W GCM     : Force release of GOOGLE_C2DM lock
05-28 15:30:51.760   533  9808 I BTAudioHalDeviceProxy: LoadAudioConfig: savitech low latency = 0
05-28 15:30:51.767   533  9808 I chatty  : uid=1041(audioserver) writer identical 8 lines
05-28 15:30:51.767   533  9808 I BTAudioHalDeviceProxy: LoadAudioConfig: savitech low latency = 0
05-28 15:30:51.769   961  1025 D AAL     : DRECurveCalculation: BLKNUM = 16 8
05-28 15:30:51.773   533  9808 I BTAudioHalDeviceProxy: LoadAudioConfig: savitech low latency = 0
05-28 15:30:51.773   533  9808 I BTAudioHalDeviceProxy: LoadAudioConfig: savitech low latency = 0
05-28 15:30:51.780 11340 18043 W GCM     : Force release of GOOGLE_C2DM lock
05-28 15:30:51.783   533  9808 I BTAudioHalDeviceProxy: LoadAudioConfig: savitech low latency = 0
05-28 15:30:51.784   533  9808 I chatty  : uid=1041(audioserver) writer identical 4 lines
05-28 15:30:51.784   533  9808 I BTAudioHalDeviceProxy: LoadAudioConfig: savitech low latency = 0
05-28 15:30:51.785   961  1025 D AAL     : DRECurveCalculation: BLKNUM = 16 8
05-28 15:30:51.790   533  9808 I BTAudioHalDeviceProxy: LoadAudioConfig: savitech low latency = 0
05-28 15:30:51.790   533  9808 I BTAudioHalDeviceProxy: LoadAudioConfig: savitech low latency = 0
05-28 15:30:51.803   961  1025 D AAL     : DRECurveCalculation: BLKNUM = 16 8
05-28 15:30:51.806   533  9808 I BTAudioHalDeviceProxy: LoadAudioConfig: savitech low latency = 0
05-28 15:30:51.813   533  9808 I chatty  : uid=1041(audioserver) writer identical 6 lines
05-28 15:30:51.813   533  9808 I BTAudioHalDeviceProxy: LoadAudioConfig: savitech low latency = 0
05-28 15:30:51.820   961  1025 D AAL     : DRECurveCalculation: BLKNUM = 16 8
05-28 15:30:51.830   533  9808 I BTAudioHalDeviceProxy: LoadAudioConfig: savitech low latency = 0
05-28 15:30:51.836   533  9808 I chatty  : uid=1041(audioserver) writer identical 6 lines
05-28 15:30:51.836   533  9808 I BTAudioHalDeviceProxy: LoadAudioConfig: savitech low latency = 0
05-28 15:30:51.836   961  1025 D AAL     : DRECurveCalculation: BLKNUM = 16 8
05-28 15:30:51.836   533  9808 I BTAudioHalDeviceProxy: LoadAudioConfig: savitech low latency = 0
05-28 15:30:51.842   533  9808 I chatty  : uid=1041(audioserver) writer identical 2 lines
05-28 15:30:51.842   533  9808 I BTAudioHalDeviceProxy: LoadAudioConfig: savitech low latency = 0
05-28 15:30:51.852   961  1025 D AAL     : DRECurveCalculation: BLKNUM = 16 8
05-28 15:30:51.853   533  9808 I BTAudioHalDeviceProxy: LoadAudioConfig: savitech low latency = 0
05-28 15:30:51.859   533  9808 I chatty  : uid=1041(audioserver) writer identical 6 lines
05-28 15:30:51.859   533  9808 I BTAudioHalDeviceProxy: LoadAudioConfig: savitech low latency = 0
05-28 15:30:51.869   961  1025 D AAL     : DRECurveCalculation: BLKNUM = 16 8
05-28 15:30:51.870 26678 26678 D NetworkSecurityConfig: Using Network Security Config from resource default_security_config debugBuild: false
05-28 15:30:51.875   533  9808 I BTAudioHalDeviceProxy: LoadAudioConfig: savitech low latency = 0
05-28 15:30:51.876   533  9808 I BTAudioHalDeviceProxy: LoadAudioConfig: savitech low latency = 0
05-28 15:30:51.876 26678 26678 D NetworkSecurityConfig: Using Network Security Config from resource default_security_config debugBuild: false
05-28 15:30:51.876   533  9808 I BTAudioHalDeviceProxy: LoadAudioConfig: savitech low latency = 0
05-28 15:30:51.882   533  9808 I chatty  : uid=1041(audioserver) writer identical 4 lines
05-28 15:30:51.882   533  9808 I BTAudioHalDeviceProxy: LoadAudioConfig: savitech low latency = 0
05-28 15:30:51.887   961  1025 D AAL     : DRECurveCalculation: BLKNUM = 16 8
05-28 15:30:51.898   533  9808 I BTAudioHalDeviceProxy: LoadAudioConfig: savitech low latency = 0
05-28 15:30:51.899   533  9808 I chatty  : uid=1041(audioserver) writer identical 4 lines
05-28 15:30:51.899   533  9808 I BTAudioHalDeviceProxy: LoadAudioConfig: savitech low latency = 0
05-28 15:30:51.903   961  1025 D AAL     : DRECurveCalculation: BLKNUM = 16 8
05-28 15:30:51.905   533  9808 I BTAudioHalDeviceProxy: LoadAudioConfig: savitech low latency = 0
05-28 15:30:51.905   533  9808 I BTAudioHalDeviceProxy: LoadAudioConfig: savitech low latency = 0
05-28 15:30:51.905 25085 25230 I System.out: [okhttp]:check permission begin!
05-28 15:30:51.905 25085 25230 I System.out: [okhttp]:not MMS!
05-28 15:30:51.905 25085 25230 I System.out: [okhttp]:not Email!
05-28 15:30:51.914 26678 26700 E libc    : Access denied finding property "ro.vendor.pref_scale_resolution"
05-28 15:30:51.920 26678 26700 E libc    : Access denied finding property "ro.vendor.pref_scale_resolution"
05-28 15:30:51.920   961  1025 D AAL     : DRECurveCalculation: BLKNUM = 16 8
05-28 15:30:51.921 26678 26700 E libc    : Access denied finding property "ro.vendor.pref_scale_resolution"
05-28 15:30:51.922   533  9808 I BTAudioHalDeviceProxy: LoadAudioConfig: savitech low latency = 0
05-28 15:30:51.922   533  9808 I chatty  : uid=1041(audioserver) writer identical 4 lines
05-28 15:30:51.922   533  9808 I BTAudioHalDeviceProxy: LoadAudioConfig: savitech low latency = 0
05-28 15:30:51.923 26678 26700 E libc    : Access denied finding property "ro.vendor.pref_scale_resolution"
05-28 15:30:51.928   533  9808 I BTAudioHalDeviceProxy: LoadAudioConfig: savitech low latency = 0
05-28 15:30:51.934   533  9808 I chatty  : uid=1041(audioserver) writer identical 4 lines
05-28 15:30:51.934   533  9808 I BTAudioHalDeviceProxy: LoadAudioConfig: savitech low latency = 0
05-28 15:30:51.936 26678 26700 E libc    : Access denied finding property "ro.vendor.pref_scale_resolution"
05-28 15:30:51.936   961  1025 D AAL     : DRECurveCalculation: BLKNUM = 16 8
05-28 15:30:51.939 26678 26700 E libc    : Access denied finding property "ro.vendor.pref_scale_resolution"
05-28 15:30:51.941 26678 26700 E libc    : Access denied finding property "ro.vendor.pref_scale_resolution"
05-28 15:30:51.942  4230  5207 D TrafficManageService: onReceive: intent.action = com.android.server.action.NETWORK_STATS_UPDATED
05-28 15:30:51.944   533  9808 I BTAudioHalDeviceProxy: LoadAudioConfig: savitech low latency = 0
05-28 15:30:51.944   533  9808 I chatty  : uid=1041(audioserver) writer identical 4 lines
05-28 15:30:51.944   533  9808 I BTAudioHalDeviceProxy: LoadAudioConfig: savitech low latency = 0
05-28 15:30:51.946 25085 25230 I System.out: [OkHttp] sendRequest>>
05-28 15:30:51.946 25085 25230 I System.out: [OkHttp] sendRequest<<
05-28 15:30:51.950   533  9808 I BTAudioHalDeviceProxy: LoadAudioConfig: savitech low latency = 0
05-28 15:30:51.950   533  9808 I BTAudioHalDeviceProxy: LoadAudioConfig: savitech low latency = 0
05-28 15:30:51.953   961  1025 D AAL     : DRECurveCalculation: BLKNUM = 16 8
05-28 15:30:51.967   533  9808 I BTAudioHalDeviceProxy: LoadAudioConfig: savitech low latency = 0
05-28 15:30:51.968   533  9808 I chatty  : uid=1041(audioserver) writer identical 4 lines
05-28 15:30:51.968   533  9808 I BTAudioHalDeviceProxy: LoadAudioConfig: savitech low latency = 0
05-28 15:30:51.969   961  1025 D AAL     : DRECurveCalculation: BLKNUM = 16 8
05-28 15:30:51.972 26678 26678 I FirebaseApp: Device unlocked: initializing all Firebase APIs for app [DEFAULT]
05-28 15:30:51.974   533  9808 I BTAudioHalDeviceProxy: LoadAudioConfig: savitech low latency = 0
05-28 15:30:51.974   533  9808 I BTAudioHalDeviceProxy: LoadAudioConfig: savitech low latency = 0
05-28 15:30:51.986   961  1025 D AAL     : DRECurveCalculation: BLKNUM = 16 8
05-28 15:30:51.989   525  2742 E statsd  : Stats puller failed for tag: 10011 at 335765243912292
05-28 15:30:51.990   533  9808 I BTAudioHalDeviceProxy: LoadAudioConfig: savitech low latency = 0
05-28 15:30:51.991   533  9808 I chatty  : uid=1041(audioserver) writer identical 4 lines
05-28 15:30:51.991   533  9808 I BTAudioHalDeviceProxy: LoadAudioConfig: savitech low latency = 0
05-28 15:30:51.991 19215 19374 D AudioTrack: getMarkerPosition(): 0x6f8bcb5500, marker = 23469704
05-28 15:30:51.991 19215 19374 D AudioTrack: setMarkerPosition(607): 0x6f8bcb5500, marker = 23470728
05-28 15:30:51.991 19215 19374 D AudioTrack: getMarkerPosition(): 0x6f8bcb5500, marker = 23470728
05-28 15:30:51.991 19215 19374 D AudioTrack: setMarkerPosition(607): 0x6f8bcb5500, marker = 23471752
05-28 15:30:51.991 19215 19374 D AudioTrack: getMarkerPosition(): 0x6f8bcb5500, marker = 23471752
05-28 15:30:51.991 19215 19374 D AudioTrack: setMarkerPosition(607): 0x6f8bcb5500, marker = 23472776
05-28 15:30:51.991 19215 19374 D AudioTrack: getMarkerPosition(): 0x6f8bcb5500, marker = 23472776
05-28 15:30:51.991 19215 19374 D AudioTrack: setMarkerPosition(607): 0x6f8bcb5500, marker = 23473800
05-28 15:30:51.991 19215 19374 D AudioTrack: getMarkerPosition(): 0x6f8bcb5500, marker = 23473800
05-28 15:30:51.991 19215 19374 D AudioTrack: setMarkerPosition(607): 0x6f8bcb5500, marker = 23474824
05-28 15:30:51.991 19215 19374 D AudioTrack: getMarkerPosition(): 0x6f8bcb5500, marker = 23474824
05-28 15:30:51.991 19215 19374 D AudioTrack: setMarkerPosition(607): 0x6f8bcb5500, marker = 23475848
05-28 15:30:51.992 19215 19374 D AudioTrack: getMarkerPosition(): 0x6f8bcb5500, marker = 23475848
05-28 15:30:51.992 19215 19374 D AudioTrack: setMarkerPosition(607): 0x6f8bcb5500, marker = 23476872
05-28 15:30:51.992 19215 19374 D AudioTrack: getMarkerPosition(): 0x6f8bcb5500, marker = 23476872
05-28 15:30:51.992 19215 19374 D AudioTrack: setMarkerPosition(607): 0x6f8bcb5500, marker = 23477896
05-28 15:30:51.992 19215 19374 D AudioTrack: getMarkerPosition(): 0x6f8bcb5500, marker = 23477896
05-28 15:30:51.992 19215 19374 D AudioTrack: setMarkerPosition(607): 0x6f8bcb5500, marker = 23478920
05-28 15:30:51.992 19215 19374 D AudioTrack: getMarkerPosition(): 0x6f8bcb5500, marker = 23478920
05-28 15:30:51.992 19215 19374 D AudioTrack: setMarkerPosition(607): 0x6f8bcb5500, marker = 23479944
05-28 15:30:51.992 19215 19374 D AudioTrack: getMarkerPosition(): 0x6f8bcb5500, marker = 23479944
05-28 15:30:51.992 19215 19374 D AudioTrack: setMarkerPosition(607): 0x6f8bcb5500, marker = 23480968
05-28 15:30:51.992 19215 19374 D AudioTrack: getMarkerPosition(): 0x6f8bcb5500, marker = 23480968
05-28 15:30:51.992 19215 19374 D AudioTrack: setMarkerPosition(607): 0x6f8bcb5500, marker = 23481992
05-28 15:30:51.992 19215 19374 D AudioTrack: getMarkerPosition(): 0x6f8bcb5500, marker = 23481992
05-28 15:30:51.992 19215 19374 D AudioTrack: setMarkerPosition(607): 0x6f8bcb5500, marker = 23483016
05-28 15:30:51.997   533  9808 I BTAudioHalDeviceProxy: LoadAudioConfig: savitech low latency = 0
05-28 15:30:52.002   533  9808 I chatty  : uid=1041(audioserver) writer identical 4 lines
05-28 15:30:52.002   533  9808 I BTAudioHalDeviceProxy: LoadAudioConfig: savitech low latency = 0
05-28 15:30:52.003   961  1025 D AAL     : DRECurveCalculation: BLKNUM = 16 8
05-28 15:30:52.013   533  9808 I BTAudioHalDeviceProxy: LoadAudioConfig: savitech low latency = 0
05-28 15:30:52.020   533  9808 I chatty  : uid=1041(audioserver) writer identical 6 lines
05-28 15:30:52.020   533  9808 I BTAudioHalDeviceProxy: LoadAudioConfig: savitech low latency = 0
05-28 15:30:52.020   961  1025 D AAL     : DRECurveCalculation: BLKNUM = 16 8
05-28 15:30:52.028 26678 26678 I FirebaseCrashlytics: Initializing Firebase Crashlytics 18.6.0 for tv.twitch.bttvandroid.app
05-28 15:30:52.036   961  1025 D AAL     : DRECurveCalculation: BLKNUM = 16 8
05-28 15:30:52.036   533  9808 I BTAudioHalDeviceProxy: LoadAudioConfig: savitech low latency = 0
05-28 15:30:52.043   533  9808 I chatty  : uid=1041(audioserver) writer identical 6 lines
05-28 15:30:52.043   533  9808 I BTAudioHalDeviceProxy: LoadAudioConfig: savitech low latency = 0
05-28 15:30:52.052   961  1025 D AAL     : DRECurveCalculation: BLKNUM = 16 8
05-28 15:30:52.059   533  9808 I BTAudioHalDeviceProxy: LoadAudioConfig: savitech low latency = 0
05-28 15:30:52.066   533  9808 I chatty  : uid=1041(audioserver) writer identical 6 lines
05-28 15:30:52.066   533  9808 I BTAudioHalDeviceProxy: LoadAudioConfig: savitech low latency = 0
05-28 15:30:52.067 19215 19374 D AudioTrack: getMarkerPosition(): 0x6f8bcb5500, marker = 23483016
05-28 15:30:52.067 19215 19374 D AudioTrack: setMarkerPosition(607): 0x6f8bcb5500, marker = 23484040
05-28 15:30:52.067 19215 19374 D AudioTrack: getMarkerPosition(): 0x6f8bcb5500, marker = 23484040
05-28 15:30:52.067 19215 19374 D AudioTrack: setMarkerPosition(607): 0x6f8bcb5500, marker = 23485064
05-28 15:30:52.067 19215 19374 D AudioTrack: getMarkerPosition(): 0x6f8bcb5500, marker = 23485064
05-28 15:30:52.067 19215 19374 D AudioTrack: setMarkerPosition(607): 0x6f8bcb5500, marker = 23486088
05-28 15:30:52.067 26678 26678 I FirebaseInitProvider: FirebaseApp initialization successful
05-28 15:30:52.067 19215 19374 D AudioTrack: getMarkerPosition(): 0x6f8bcb5500, marker = 23486088
05-28 15:30:52.067 19215 19374 D AudioTrack: setMarkerPosition(607): 0x6f8bcb5500, marker = 23487112
05-28 15:30:52.067 19215 19374 D AudioTrack: getMarkerPosition(): 0x6f8bcb5500, marker = 23487112
05-28 15:30:52.067 19215 19374 D AudioTrack: setMarkerPosition(607): 0x6f8bcb5500, marker = 23488136
05-28 15:30:52.068 19215 19374 D AudioTrack: getMarkerPosition(): 0x6f8bcb5500, marker = 23488136
05-28 15:30:52.068 19215 19374 D AudioTrack: setMarkerPosition(607): 0x6f8bcb5500, marker = 23489160
05-28 15:30:52.068 19215 19374 D AudioTrack: getMarkerPosition(): 0x6f8bcb5500, marker = 23489160
05-28 15:30:52.068 19215 19374 D AudioTrack: setMarkerPosition(607): 0x6f8bcb5500, marker = 23490184
05-28 15:30:52.068 19215 19374 D AudioTrack: getMarkerPosition(): 0x6f8bcb5500, marker = 23490184
05-28 15:30:52.068 19215 19374 D AudioTrack: setMarkerPosition(607): 0x6f8bcb5500, marker = 23491208
05-28 15:30:52.068 19215 19374 D AudioTrack: getMarkerPosition(): 0x6f8bcb5500, marker = 23491208
05-28 15:30:52.069 19215 19374 D AudioTrack: setMarkerPosition(607): 0x6f8bcb5500, marker = 23492232
05-28 15:30:52.069 19215 19374 D AudioTrack: getMarkerPosition(): 0x6f8bcb5500, marker = 23492232
05-28 15:30:52.069 19215 19374 D AudioTrack: setMarkerPosition(607): 0x6f8bcb5500, marker = 23493256
05-28 15:30:52.069   961  1025 D AAL     : DRECurveCalculation: BLKNUM = 16 8
05-28 15:30:52.069 19215 19374 D AudioTrack: getMarkerPosition(): 0x6f8bcb5500, marker = 23493256
05-28 15:30:52.069 19215 19374 D AudioTrack: setMarkerPosition(607): 0x6f8bcb5500, marker = 23494280
05-28 15:30:52.069 19215 19374 D AudioTrack: getMarkerPosition(): 0x6f8bcb5500, marker = 23494280
05-28 15:30:52.069 19215 19374 D AudioTrack: setMarkerPosition(607): 0x6f8bcb5500, marker = 23495304
05-28 15:30:52.071 26678 26709 D libcrashlytics: Initializing libcrashlytics version 3.2.0
05-28 15:30:52.077 26678 26709 D libcrashlytics: Initializing native crash handling successful.
05-28 15:30:52.082   533  9808 I BTAudioHalDeviceProxy: LoadAudioConfig: savitech low latency = 0
05-28 15:30:52.083   533  9808 I chatty  : uid=1041(audioserver) writer identical 4 lines
05-28 15:30:52.083   533  9808 I BTAudioHalDeviceProxy: LoadAudioConfig: savitech low latency = 0
05-28 15:30:52.086   961  1025 D AAL     : DRECurveCalculation: BLKNUM = 16 8
05-28 15:30:52.088   533  9808 I BTAudioHalDeviceProxy: LoadAudioConfig: savitech low latency = 0
05-28 15:30:52.095   533  9808 I chatty  : uid=1041(audioserver) writer identical 4 lines
05-28 15:30:52.095   533  9808 I BTAudioHalDeviceProxy: LoadAudioConfig: savitech low latency = 0
05-28 15:30:52.097 26678 26709 I FirebaseCrashlytics: No version control information found
05-28 15:30:52.102   961  1025 D AAL     : DRECurveCalculation: BLKNUM = 16 8
05-28 15:30:52.105   533  9808 I BTAudioHalDeviceProxy: LoadAudioConfig: savitech low latency = 0
05-28 15:30:52.112   533  9808 I chatty  : uid=1041(audioserver) writer identical 6 lines
05-28 15:30:52.112   533  9808 I BTAudioHalDeviceProxy: LoadAudioConfig: savitech low latency = 0
05-28 15:30:52.119   961  1025 D AAL     : DRECurveCalculation: BLKNUM = 16 8
