05-28 15:30:51.242  1316  2103 I mtkpower_client: ret_hdl:12587
05-28 15:30:51.242   575   653 I libPowerHal: [perfLockAcq] idx:1 hdl:12587 hint:-1 pid:1316 duration:400 => ret_hdl:12587
05-28 15:30:51.242   575   653 I libPowerHal: [PE] scn:1 hdl:12587 lock_user:system_server pid:1316 tid:2103 dur:400
05-28 15:30:51.242   575   653 I libPowerHal: system_server: set gpu opp level: 0
05-28 15:30:51.242   575   653 I libPowerHal: system_server: set gpu opp level max: 0
05-28 15:30:51.244 26889 26905 I ProcessMonitor: onForegroundInfoChanged: ForegroundInfo{mForegroundPackageName='com.teslacoilsw.launcher', mForegroundUid=10252, mForegroundPid=13665, mLastForegroundPackageName='com.vasko.pong', mLastForegroundUid=10584, mLastForegroundPid=26641, mMultiWindowForegroundPackageName='null', mMultiWindowForegroundUid=-1, mFlags=0}
05-28 15:30:51.244  4230 14115 I ProcessMonitor: onForegroundInfoChanged: ForegroundInfo{mForegroundPackageName='com.teslacoilsw.launcher', mForegroundUid=10252, mForegroundPid=13665, mLastForegroundPackageName='com.vasko.pong', mLastForegroundUid=10584, mLastForegroundPid=26641, mMultiWindowForegroundPackageName='null', mMultiWindowForegroundUid=-1, mFlags=0}
05-28 15:30:51.244  4230 14115 I VideoBoxUtils: isSupportVideoBox: false
05-28 15:30:51.244  1316  3681 I InputDispatcher: setInputWindows displayId=0 Window{84ae030 mode=0 rootTaskId=1 u0 NavigationBar0} Window{4a063c0 mode=0 rootTaskId=1 u0 StatusBar} Splash Screen com.vasko.pong#0 com.teslacoilsw.launcher/com.teslacoilsw.launcher.NovaLauncher#0 Window{21365ac mode=0 rootTaskId=1 u0 com.miui.miwallpaper.wallpaperservice.MiuiKeyguardPictorialWallpaper} Window{2192320 mode=0 rootTaskId=1 u0 com.miui.miwallpaper.wallpaperservice.ImageWallpaper} 
05-28 15:30:51.245  1316  3681 I InputDispatcher: Window went away: Window{66641f6 mode=0 rootTaskId=113 u0 Splash Screen com.vasko.pong}
05-28 15:30:51.245  5601  6414 I ThermalInfoCollector: collectForgroundAppsInfo
05-28 15:30:51.245 10803 31175 I GST     : forePkg: com.teslacoilsw.launcher, preForePkg: com.vasko.pong
05-28 15:30:51.245  5601 23594 D PerfEngineController: ForegroundInfo{mForegroundPackageName='com.teslacoilsw.launcher', mForegroundUid=10252, mForegroundPid=13665, mLastForegroundPackageName='com.vasko.pong', mLastForegroundUid=10584, mLastForegroundPid=26641, mMultiWindowForegroundPackageName='null', mMultiWindowForegroundUid=-1, mFlags=0}
05-28 15:30:51.245  1316  2103 I Timeline: Timeline: App_transition_ready time:117497871
05-28 15:30:51.248  1316  2103 I Timeline: Timeline: App_transition_ready time:117497874
05-28 15:30:51.249  1316  1337 D View    : [Warning] assignParent to null: this = DecorView@5ab85d[pong]
05-28 15:30:51.250   486   486 I beanpodkeymaster: cmd:20 Received 4 byte response
05-28 15:30:51.250   486   486 I beanpodkeymaster: Enter BeanpodKeymaster BeginOperation
05-28 15:30:51.251   654  2104 I BufferQueueProducer: [Splash Screen com.vasko.pong#0](id:28e000008eb,api:2,p:1316,c:654) disconnect(): api=2
05-28 15:30:51.251  4230 14115 I VideoToolBoxService: splitMode: onfalse
05-28 15:30:51.251  4230 14115 I VideoToolBoxService: not support vtb. skipExit : false
05-28 15:30:51.251   486   486 I beanpodkeymaster: cmd:4 Received 48 byte response
05-28 15:30:51.251   486   486 I beanpodkeymaster: Exit BeanpodKeymaster BeginOperation
05-28 15:30:51.252   961  1025 D AAL     : DRECurveCalculation: BLKNUM = 16 8
05-28 15:30:51.254   533  9808 I BTAudioHalDeviceProxy: LoadAudioConfig: savitech low latency = 0
05-28 15:30:51.255   533  9808 I BTAudioHalDeviceProxy: LoadAudioConfig: savitech low latency = 0
05-28 15:30:51.255   486   486 I beanpodkeymaster: Enter BeanpodKeymaster UpdateOperation
05-28 15:30:51.255   533  9808 I BTAudioHalDeviceProxy: LoadAudioConfig: savitech low latency = 0
05-28 15:30:51.255  1316  1337 I Timeline: Timeline: App_transition_ready time:117497881
05-28 15:30:51.255   533  9808 I BTAudioHalDeviceProxy: LoadAudioConfig: savitech low latency = 0
05-28 15:30:51.255   486   486 I beanpodkeymaster: cmd:8 Received 34 byte response
05-28 15:30:51.255   486   486 I beanpodkeymaster: Exit BeanpodKeymaster UpdateOperation
05-28 15:30:51.255   533  9808 I BTAudioHalDeviceProxy: LoadAudioConfig: savitech low latency = 0
05-28 15:30:51.256  1316  1337 W WindowManager: Changing focus fromnull to Window{77ce709 mode=0 rootTaskId=1 u0 com.teslacoilsw.launcher/com.teslacoilsw.launcher.NovaLauncher} displayId=0 Callers=com.android.server.wm.RootWindowContainer.updateFocusedWindowLocked:473 com.android.server.wm.WindowManagerService.updateFocusedWindowLocked:6209 com.android.server.wm.WindowState.removeIfPossible:2502 com.android.server.wm.WindowState.removeIfPossible:2377 
05-28 15:30:51.255   533  9808 I BTAudioHalDeviceProxy: LoadAudioConfig: savitech low latency = 0
05-28 15:30:51.256   486   486 I beanpodkeymaster: Enter BeanpodKeymaster FinishOperation
05-28 15:30:51.257   486   486 I beanpodkeymaster: cmd:c Received 36 byte response
05-28 15:30:51.258   486   486 I beanpodkeymaster: Exit BeanpodKeymaster FinishOperation
05-28 15:30:51.259  1316  1337 I InputTransport: Destroy ARC handle: 0xb40000705e05e040
05-28 15:30:51.260   486   486 I beanpodkeymaster: Enter BeanpodKeymaster BeginOperation
05-28 15:30:51.261   486   486 I beanpodkeymaster: cmd:4 Received 24 byte response
05-28 15:30:51.261   486   486 I beanpodkeymaster: Exit BeanpodKeymaster BeginOperation
05-28 15:30:51.261   654   654 I BufferQueueConsumer: [Splash Screen com.vasko.pong#0](id:28e000008eb,api:0,p:-1,c:654) disconnect()
05-28 15:30:51.261   533  9808 I BTAudioHalDeviceProxy: LoadAudioConfig: savitech low latency = 0
05-28 15:30:51.261   533  9808 I BTAudioHalDeviceProxy: LoadAudioConfig: savitech low latency = 0
05-28 15:30:51.261   654   654 I BufferQueue: [Splash Screen com.vasko.pong#0](this:0xb400007485476458,id:2283,api:2,p:-1,c:-1) onDestructor()
05-28 15:30:51.261   533  9808 I BTAudioHalDeviceProxy: LoadAudioConfig: savitech low latency = 0
05-28 15:30:51.261   533  9808 I BTAudioHalDeviceProxy: LoadAudioConfig: savitech low latency = 0
05-28 15:30:51.261  1316  1459 I GED     : ged_boost_gpu_freq, level 100, eOrigin 2, final_idx 27, oppidx_max 27, oppidx_min 0
05-28 15:30:51.262  1316  3681 I InputDispatcher: setInputWindows displayId=0 Window{84ae030 mode=0 rootTaskId=1 u0 NavigationBar0} Window{4a063c0 mode=0 rootTaskId=1 u0 StatusBar} Window{77ce709 mode=0 rootTaskId=1 u0 com.teslacoilsw.launcher/com.teslacoilsw.launcher.NovaLauncher} Window{21365ac mode=0 rootTaskId=1 u0 com.miui.miwallpaper.wallpaperservice.MiuiKeyguardPictorialWallpaper} Window{2192320 mode=0 rootTaskId=1 u0 com.miui.miwallpaper.wallpaperservice.ImageWallpaper} 
05-28 15:30:51.262   486   486 I beanpodkeymaster: Enter BeanpodKeymaster UpdateOperation
05-28 15:30:51.263   486   486 I beanpodkeymaster: cmd:8 Received 34 byte response
05-28 15:30:51.263   486   486 I beanpodkeymaster: Exit BeanpodKeymaster UpdateOperation
05-28 15:30:51.264  1316  3681 I InputDispatcher: Window went away: Splash Screen com.vasko.pong#0
05-28 15:30:51.264  1316  3681 I InputDispatcher: Window went away: com.teslacoilsw.launcher/com.teslacoilsw.launcher.NovaLauncher#0
05-28 15:30:51.265   486   486 I beanpodkeymaster: Enter BeanpodKeymaster FinishOperation
05-28 15:30:51.267   533  9808 I BTAudioHalDeviceProxy: LoadAudioConfig: savitech low latency = 0
05-28 15:30:51.267   533  9808 I BTAudioHalDeviceProxy: LoadAudioConfig: savitech low latency = 0
05-28 15:30:51.267  1316  1555 I MiuiNetworkPolicy: removeUidState uid = 10584
05-28 15:30:51.267  5601 23594 D UidObserver: onUidGone entry uid = 10584
05-28 15:30:51.267   486   486 I beanpodkeymaster: cmd:c Received 20 byte response
05-28 15:30:51.267 13665 13665 V PhoneWindow: DecorView setVisiblity: visibility = 0, Parent = android.view.ViewRootImpl@a160dc4, this = DecorView@6057271[NovaLauncher]
05-28 15:30:51.267   486   486 I beanpodkeymaster: Exit BeanpodKeymaster FinishOperation
05-28 15:30:51.269   961  1025 D AAL     : DRECurveCalculation: BLKNUM = 16 8
05-28 15:30:51.269  2483  2483 D RecentsImpl: mActivityStateObserver com.teslacoilsw.launcher.NovaLauncher
05-28 15:30:51.269  2483  2483 W RecentsImpl: onResumed className=com.teslacoilsw.launcher.NovaLauncher   mIsInAnotherPro=false
05-28 15:30:51.271  2483  2483 D Launcher.Model: LauncherAppsCallback onPackageChanged|com.vasko.pong|UserHandle{0}
05-28 15:30:51.271  2483  2483 E Launcher.Model: Launcher is not running,process later
05-28 15:30:51.272  3112  3112 V PhoneWindow: DecorView setVisiblity: visibility = 8, Parent = android.view.ViewRootImpl@3e98e72, this = DecorView@20492c3[InputMethod]
05-28 15:30:51.273   486   486 I beanpodkeymaster: Enter BeanpodKeymaster BeginOperation
05-28 15:30:51.273  1789  1789 D StatusBar: disable<e i a s b h r c s > disable2<q i n >
05-28 15:30:51.274   486   486 I beanpodkeymaster: cmd:4 Received 24 byte response
05-28 15:30:51.274   486   486 I beanpodkeymaster: Exit BeanpodKeymaster BeginOperation
05-28 15:30:51.275   575   598 I mtkpower@impl: [setMode] type:5, enabled:0
05-28 15:30:51.275   486   486 I beanpodkeymaster: Enter BeanpodKeymaster UpdateOperation
05-28 15:30:51.276   486   486 I beanpodkeymaster: cmd:8 Received 165 byte response
05-28 15:30:51.276   486   486 I beanpodkeymaster: Exit BeanpodKeymaster UpdateOperation
05-28 15:30:51.277   575   653 I libPowerHal: [perfLockRel] hdl:12586, idx:2
05-28 15:30:51.277   575   653 I libPowerHal: [PD] scn:2 hdl:12586 hint:22 comm:mtkpower@1.0-se pid:575
05-28 15:30:51.277   533  9808 I BTAudioHalDeviceProxy: LoadAudioConfig: savitech low latency = 0
05-28 15:30:51.278   533  9808 I chatty  : uid=1041(audioserver) writer identical 4 lines
05-28 15:30:51.278   533  9808 I BTAudioHalDeviceProxy: LoadAudioConfig: savitech low latency = 0
05-28 15:30:51.278   575   597 I mtkpower@impl: [mtkPowerHint] hint:21, hold:6000, ext:30, ext_hold:35000
05-28 15:30:51.278  1316  3676 I InputDispatcher: setInputWindows displayId=0 Window{84ae030 mode=0 rootTaskId=1 u0 NavigationBar0} Window{4a063c0 mode=0 rootTaskId=1 u0 StatusBar} Window{77ce709 mode=0 rootTaskId=1 u0 com.teslacoilsw.launcher/com.teslacoilsw.launcher.NovaLauncher} Window{21365ac mode=0 rootTaskId=1 u0 com.miui.miwallpaper.wallpaperservice.MiuiKeyguardPictorialWallpaper} Window{2192320 mode=0 rootTaskId=1 u0 com.miui.miwallpaper.wallpaperservice.ImageWallpaper} 
05-28 15:30:51.278  1316  3676 I InputDispatcher: Focus entered window: Window{77ce709 mode=0 rootTaskId=1 u0 com.teslacoilsw.launcher/com.teslacoilsw.launcher.NovaLauncher} in display 0
05-28 15:30:51.279   575   653 I libPowerHal: [perfLockRel] hdl:12582, idx:0
05-28 15:30:51.279   575   653 I libPowerHal: [PD] scn:0 hdl:12582 hint:11 comm:mtkpower@1.0-se pid:575
05-28 15:30:51.279   486   486 I beanpodkeymaster: Enter BeanpodKeymaster FinishOperation
05-28 15:30:51.279   486   486 I beanpodkeymaster: cmd:c Received 20 byte response
05-28 15:30:51.279   486   486 I beanpodkeymaster: Exit BeanpodKeymaster FinishOperation
05-28 15:30:51.280   575   653 I libPowerHal: [perfLockAcq] idx:2 hdl:12588 hint:21 pid:575 duration:6000 => ret_hdl:12588
05-28 15:30:51.280   575   653 I libPowerHal: [PE] scn:2 hdl:12588 hint:21 comm:mtkpower@1.0-se pid:575
05-28 15:30:51.280   575   653 I libPowerHal: [perfLockRel] hdl:12585, idx:3
05-28 15:30:51.280   575   653 I libPowerHal: [PD] scn:3 hdl:12585 hint:21 comm:mtkpower@1.0-se pid:575
05-28 15:30:51.280   575   653 I libPowerHal: [perfLockAcq] idx:4 hdl:12589 hint:30 pid:575 duration:35000 => ret_hdl:12589
05-28 15:30:51.281   575   653 I libPowerHal: [PE] scn:4 hdl:12589 hint:30 comm:mtkpower@1.0-se pid:575
05-28 15:30:51.283  3112  3112 I GoogleInputMethodService: GoogleInputMethodService.onFinishInput():1961 
05-28 15:30:51.284   533  9808 I BTAudioHalDeviceProxy: LoadAudioConfig: savitech low latency = 0
05-28 15:30:51.284   533  9808 I BTAudioHalDeviceProxy: LoadAudioConfig: savitech low latency = 0
05-28 15:30:51.285  3112  3112 I Module  : DeviceLockedStatusModuleProvider$Module.updateDeviceLockedStatus():100 repeatCheckTimes = 0, locked = false
05-28 15:30:51.285   961  1025 D AAL     : DRECurveCalculation: BLKNUM = 16 8
05-28 15:30:51.286  3112  3112 I GoogleInputMethodService: GoogleInputMethodService.onStartInput():1233 onStartInput(EditorInfo{EditorInfo{packageName=com.teslacoilsw.launcher, inputType=0, inputTypeString=NULL, enableLearning=false, autoCorrection=false, autoComplete=false, imeOptions=0, privateImeOptions=null, actionName=UNSPECIFIED, actionLabel=null, initialSelStart=-1, initialSelEnd=-1, initialCapsMode=0, label=null, fieldId=-1, fieldName=null, extras=null, hintText=null, hintLocales=[]}}, false)
05-28 15:30:51.287   486   486 I beanpodkeymaster: cmd:20 Received 4 byte response
05-28 15:30:51.287   486   486 I beanpodkeymaster: Enter BeanpodKeymaster BeginOperation
05-28 15:30:51.287  3112  3112 I Module  : DeviceLockedStatusModuleProvider$Module.updateDeviceLockedStatus():100 repeatCheckTimes = 1, locked = false
05-28 15:30:51.287   558   558 I android.hardware.thermal@2.0-service.mtk: fill_temperatures filterType1 name: SKIN type: SKIN throttlingStatus: NONE value: 34.4 ret_temps size 0
05-28 15:30:51.287   486   486 I beanpodkeymaster: cmd:4 Received 48 byte response
05-28 15:30:51.287   486   486 I beanpodkeymaster: Exit BeanpodKeymaster BeginOperation
05-28 15:30:51.289   486   486 I beanpodkeymaster: Enter BeanpodKeymaster UpdateOperation
05-28 15:30:51.289   486   486 I beanpodkeymaster: cmd:8 Received 34 byte response
05-28 15:30:51.289   486   486 I beanpodkeymaster: Exit BeanpodKeymaster UpdateOperation
05-28 15:30:51.290   486   486 I beanpodkeymaster: Enter BeanpodKeymaster FinishOperation
05-28 15:30:51.290   486   486 I beanpodkeymaster: cmd:c Received 36 byte response
05-28 15:30:51.290   486   486 I beanpodkeymaster: Exit BeanpodKeymaster FinishOperation
05-28 15:30:51.292   486   486 I beanpodkeymaster: Enter BeanpodKeymaster BeginOperation
05-28 15:30:51.293   486   486 I beanpodkeymaster: cmd:4 Received 24 byte response
05-28 15:30:51.293   486   486 I beanpodkeymaster: Exit BeanpodKeymaster BeginOperation
05-28 15:30:51.294   486   486 I beanpodkeymaster: Enter BeanpodKeymaster UpdateOperation
05-28 15:30:51.294   486   486 I beanpodkeymaster: cmd:8 Received 34 byte response
05-28 15:30:51.294   486   486 I beanpodkeymaster: Exit BeanpodKeymaster UpdateOperation
05-28 15:30:51.294  1316  2103 I InputDispatcher: setInputWindows displayId=0 Window{84ae030 mode=0 rootTaskId=1 u0 NavigationBar0} Window{4a063c0 mode=0 rootTaskId=1 u0 StatusBar} Window{77ce709 mode=0 rootTaskId=1 u0 com.teslacoilsw.launcher/com.teslacoilsw.launcher.NovaLauncher} Window{21365ac mode=0 rootTaskId=1 u0 com.miui.miwallpaper.wallpaperservice.MiuiKeyguardPictorialWallpaper} Window{2192320 mode=0 rootTaskId=1 u0 com.miui.miwallpaper.wallpaperservice.ImageWallpaper} 
05-28 15:30:51.296   486   486 I beanpodkeymaster: Enter BeanpodKeymaster FinishOperation
05-28 15:30:51.296   486   486 I beanpodkeymaster: cmd:c Received 20 byte response
05-28 15:30:51.296   486   486 I beanpodkeymaster: Exit BeanpodKeymaster FinishOperation
05-28 15:30:51.299   486   486 I beanpodkeymaster: Enter BeanpodKeymaster BeginOperation
05-28 15:30:51.299   486   486 I beanpodkeymaster: cmd:4 Received 24 byte response
05-28 15:30:51.299   486   486 I beanpodkeymaster: Exit BeanpodKeymaster BeginOperation
05-28 15:30:51.300   486   486 I beanpodkeymaster: Enter BeanpodKeymaster UpdateOperation
05-28 15:30:51.300   533  9808 I BTAudioHalDeviceProxy: LoadAudioConfig: savitech low latency = 0
05-28 15:30:51.301   533  9808 I chatty  : uid=1041(audioserver) writer identical 2 lines
05-28 15:30:51.301   533  9808 I BTAudioHalDeviceProxy: LoadAudioConfig: savitech low latency = 0
05-28 15:30:51.301   486   486 I beanpodkeymaster: cmd:8 Received 132 byte response
05-28 15:30:51.301   486   486 I beanpodkeymaster: Exit BeanpodKeymaster UpdateOperation
05-28 15:30:51.301   533  9808 I BTAudioHalDeviceProxy: LoadAudioConfig: savitech low latency = 0
05-28 15:30:51.301   533  9808 I BTAudioHalDeviceProxy: LoadAudioConfig: savitech low latency = 0
05-28 15:30:51.303   961  1025 D AAL     : DRECurveCalculation: BLKNUM = 16 8
05-28 15:30:51.303   486   486 I beanpodkeymaster: Enter BeanpodKeymaster FinishOperation
05-28 15:30:51.304   486   486 I beanpodkeymaster: cmd:c Received 20 byte response
05-28 15:30:51.304  1789  1789 D StatusBar: disable<e i a s b h r c s > disable2<q i n >
05-28 15:30:51.305   486   486 I beanpodkeymaster: Exit BeanpodKeymaster FinishOperation
05-28 15:30:51.305  1316  1337 I Timeline: Timeline: App_transition_ready time:117497931
05-28 15:30:51.306   533  9808 I BTAudioHalDeviceProxy: LoadAudioConfig: savitech low latency = 0
05-28 15:30:51.306   533  9808 I BTAudioHalDeviceProxy: LoadAudioConfig: savitech low latency = 0
05-28 15:30:51.311  1316  3238 I InputDispatcher: setInputWindows displayId=0 Window{84ae030 mode=0 rootTaskId=1 u0 NavigationBar0} Window{4a063c0 mode=0 rootTaskId=1 u0 StatusBar} Window{77ce709 mode=0 rootTaskId=1 u0 com.teslacoilsw.launcher/com.teslacoilsw.launcher.NovaLauncher} Window{21365ac mode=0 rootTaskId=1 u0 com.miui.miwallpaper.wallpaperservice.MiuiKeyguardPictorialWallpaper} Window{2192320 mode=0 rootTaskId=1 u0 com.miui.miwallpaper.wallpaperservice.ImageWallpaper} 
05-28 15:30:51.315   486   486 I beanpodkeymaster: cmd:20 Received 4 byte response
05-28 15:30:51.315   486   486 I beanpodkeymaster: Enter BeanpodKeymaster BeginOperation
05-28 15:30:51.316   486   486 I beanpodkeymaster: cmd:4 Received 48 byte response
05-28 15:30:51.316   486   486 I beanpodkeymaster: Exit BeanpodKeymaster BeginOperation
05-28 15:30:51.317   486   486 I beanpodkeymaster: Enter BeanpodKeymaster UpdateOperation
05-28 15:30:51.317   486   486 I beanpodkeymaster: cmd:8 Received 34 byte response
05-28 15:30:51.317   486   486 I beanpodkeymaster: Exit BeanpodKeymaster UpdateOperation
05-28 15:30:51.318   486   486 I beanpodkeymaster: Enter BeanpodKeymaster FinishOperation
05-28 15:30:51.319   486   486 I beanpodkeymaster: cmd:c Received 36 byte response
05-28 15:30:51.319   486   486 I beanpodkeymaster: Exit BeanpodKeymaster FinishOperation
05-28 15:30:51.319   961  1025 D AAL     : DRECurveCalculation: BLKNUM = 16 8
05-28 15:30:51.321  1789  1789 D StatusBar: disable<e i a s b h r c s > disable2<q i n >
05-28 15:30:51.322   486   486 I beanpodkeymaster: Enter BeanpodKeymaster BeginOperation
05-28 15:30:51.322  1789  2004 D MiuiPhoneStatusBarPolicy: updateManagedProfile: secondSpace = false
05-28 15:30:51.322   486   486 I beanpodkeymaster: cmd:4 Received 24 byte response
05-28 15:30:51.322   486   486 I beanpodkeymaster: Exit BeanpodKeymaster BeginOperation
05-28 15:30:51.323   533  9808 I BTAudioHalDeviceProxy: LoadAudioConfig: savitech low latency = 0
05-28 15:30:51.324   533  9808 I chatty  : uid=1041(audioserver) writer identical 4 lines
05-28 15:30:51.324   533  9808 I BTAudioHalDeviceProxy: LoadAudioConfig: savitech low latency = 0
05-28 15:30:51.325   486   486 I beanpodkeymaster: Enter BeanpodKeymaster UpdateOperation
05-28 15:30:51.325   486   486 I beanpodkeymaster: cmd:8 Received 34 byte response
05-28 15:30:51.325   486   486 I beanpodkeymaster: Exit BeanpodKeymaster UpdateOperation
05-28 15:30:51.326   486   486 I beanpodkeymaster: Enter BeanpodKeymaster FinishOperation
05-28 15:30:51.326   486   486 I beanpodkeymaster: cmd:c Received 20 byte response
05-28 15:30:51.326   486   486 I beanpodkeymaster: Exit BeanpodKeymaster FinishOperation
05-28 15:30:51.327  1316  1998 I InputDispatcher: setInputWindows displayId=0 Window{84ae030 mode=0 rootTaskId=1 u0 NavigationBar0} Window{4a063c0 mode=0 rootTaskId=1 u0 StatusBar} Window{77ce709 mode=0 rootTaskId=1 u0 com.teslacoilsw.launcher/com.teslacoilsw.launcher.NovaLauncher} Window{21365ac mode=0 rootTaskId=1 u0 com.miui.miwallpaper.wallpaperservice.MiuiKeyguardPictorialWallpaper} Window{2192320 mode=0 rootTaskId=1 u0 com.miui.miwallpaper.wallpaperservice.ImageWallpaper} 
05-28 15:30:51.329   486   486 I beanpodkeymaster: Enter BeanpodKeymaster BeginOperation
05-28 15:30:51.329   486   486 I beanpodkeymaster: cmd:4 Received 24 byte response
05-28 15:30:51.329   486   486 I beanpodkeymaster: Exit BeanpodKeymaster BeginOperation
05-28 15:30:51.329   543   637 I hwcomposer: [HWCDisplay] [Display_0 (type:1)] fps:43.923737,dur:1001.74,max:143.36,min:5.96  
05-28 15:30:51.329   533  9808 I BTAudioHalDeviceProxy: LoadAudioConfig: savitech low latency = 0
05-28 15:30:51.330   533  9808 I chatty  : uid=1041(audioserver) writer identical 2 lines
05-28 15:30:51.330   533  9808 I BTAudioHalDeviceProxy: LoadAudioConfig: savitech low latency = 0
05-28 15:30:51.330   486   486 I beanpodkeymaster: Enter BeanpodKeymaster UpdateOperation
05-28 15:30:51.331   486   486 I beanpodkeymaster: cmd:8 Received 165 byte response
05-28 15:30:51.331   486   486 I beanpodkeymaster: Exit BeanpodKeymaster UpdateOperation
05-28 15:30:51.332   486   486 I beanpodkeymaster: Enter BeanpodKeymaster FinishOperation
05-28 15:30:51.332   486   486 I beanpodkeymaster: cmd:c Received 20 byte response
05-28 15:30:51.332   486   486 I beanpodkeymaster: Exit BeanpodKeymaster FinishOperation
05-28 15:30:51.336   533  9808 I BTAudioHalDeviceProxy: LoadAudioConfig: savitech low latency = 0
05-28 15:30:51.336   961  1025 D AAL     : DRECurveCalculation: BLKNUM = 16 8
05-28 15:30:51.336   533  9808 I BTAudioHalDeviceProxy: LoadAudioConfig: savitech low latency = 0
05-28 15:30:51.336   486   486 I beanpodkeymaster: cmd:20 Received 4 byte response
05-28 15:30:51.336   486   486 I beanpodkeymaster: Enter BeanpodKeymaster BeginOperation
05-28 15:30:51.336   486   486 I beanpodkeymaster: cmd:4 Received 48 byte response
05-28 15:30:51.337   486   486 I beanpodkeymaster: Exit BeanpodKeymaster BeginOperation
05-28 15:30:51.338   486   486 I beanpodkeymaster: Enter BeanpodKeymaster UpdateOperation
05-28 15:30:51.338   486   486 I beanpodkeymaster: cmd:8 Received 34 byte response
05-28 15:30:51.339   486   486 I beanpodkeymaster: Exit BeanpodKeymaster UpdateOperation
05-28 15:30:51.340   486   486 I beanpodkeymaster: Enter BeanpodKeymaster FinishOperation
05-28 15:30:51.341   486   486 I beanpodkeymaster: cmd:c Received 36 byte response
05-28 15:30:51.341   486   486 I beanpodkeymaster: Exit BeanpodKeymaster FinishOperation
05-28 15:30:51.343   486   486 I beanpodkeymaster: Enter BeanpodKeymaster BeginOperation
05-28 15:30:51.343   486   486 I beanpodkeymaster: cmd:4 Received 24 byte response
05-28 15:30:51.343   486   486 I beanpodkeymaster: Exit BeanpodKeymaster BeginOperation
05-28 15:30:51.344  1316  1998 I InputDispatcher: setInputWindows displayId=0 Window{84ae030 mode=0 rootTaskId=1 u0 NavigationBar0} Window{4a063c0 mode=0 rootTaskId=1 u0 StatusBar} Window{77ce709 mode=0 rootTaskId=1 u0 com.teslacoilsw.launcher/com.teslacoilsw.launcher.NovaLauncher} Window{21365ac mode=0 rootTaskId=1 u0 com.miui.miwallpaper.wallpaperservice.MiuiKeyguardPictorialWallpaper} Window{2192320 mode=0 rootTaskId=1 u0 com.miui.miwallpaper.wallpaperservice.ImageWallpaper} 
05-28 15:30:51.344   486   486 I beanpodkeymaster: Enter BeanpodKeymaster UpdateOperation
05-28 15:30:51.344   486   486 I beanpodkeymaster: cmd:8 Received 34 byte response
05-28 15:30:51.344   486   486 I beanpodkeymaster: Exit BeanpodKeymaster UpdateOperation
05-28 15:30:51.345   486   486 I beanpodkeymaster: Enter BeanpodKeymaster FinishOperation
05-28 15:30:51.345   486   486 I beanpodkeymaster: cmd:c Received 20 byte response
05-28 15:30:51.345   486   486 I beanpodkeymaster: Exit BeanpodKeymaster FinishOperation
05-28 15:30:51.346   533  9808 I BTAudioHalDeviceProxy: LoadAudioConfig: savitech low latency = 0
05-28 15:30:51.347   533  9808 I chatty  : uid=1041(audioserver) writer identical 4 lines
05-28 15:30:51.347   533  9808 I BTAudioHalDeviceProxy: LoadAudioConfig: savitech low latency = 0
05-28 15:30:51.348   486   486 I beanpodkeymaster: Enter BeanpodKeymaster BeginOperation
05-28 15:30:51.348   486   486 I beanpodkeymaster: cmd:4 Received 24 byte response
05-28 15:30:51.348   486   486 I beanpodkeymaster: Exit BeanpodKeymaster BeginOperation
05-28 15:30:51.349   486   486 I beanpodkeymaster: Enter BeanpodKeymaster UpdateOperation
05-28 15:30:51.349   486   486 I beanpodkeymaster: cmd:8 Received 132 byte response
05-28 15:30:51.349   486   486 I beanpodkeymaster: Exit BeanpodKeymaster UpdateOperation
05-28 15:30:51.350   486   486 I beanpodkeymaster: Enter BeanpodKeymaster FinishOperation
05-28 15:30:51.350   486   486 I beanpodkeymaster: cmd:c Received 20 byte response
05-28 15:30:51.350   486   486 I beanpodkeymaster: Exit BeanpodKeymaster FinishOperation
05-28 15:30:51.352   961  1025 D AAL     : DRECurveCalculation: BLKNUM = 16 8
05-28 15:30:51.353   533  9808 I BTAudioHalDeviceProxy: LoadAudioConfig: savitech low latency = 0
05-28 15:30:51.357  1316  1333 W Looper  : Drained
05-28 15:30:51.353   533  9808 I BTAudioHalDeviceProxy: LoadAudioConfig: savitech low latency = 0
05-28 15:30:51.361  1316  3685 I InputDispatcher: setInputWindows displayId=0 Window{84ae030 mode=0 rootTaskId=1 u0 NavigationBar0} Window{4a063c0 mode=0 rootTaskId=1 u0 StatusBar} Window{77ce709 mode=0 rootTaskId=1 u0 com.teslacoilsw.launcher/com.teslacoilsw.launcher.NovaLauncher} Window{21365ac mode=0 rootTaskId=1 u0 com.miui.miwallpaper.wallpaperservice.MiuiKeyguardPictorialWallpaper} Window{2192320 mode=0 rootTaskId=1 u0 com.miui.miwallpaper.wallpaperservice.ImageWallpaper} 
05-28 15:30:51.369   961  1025 D AAL     : DRECurveCalculation: BLKNUM = 16 8
05-28 15:30:51.369   961  1025 D AAL     : 05-28 03:30:51.104 BL= 279,ESS= 257, 05-28 03:30:51.137 BL= 279,ESS= 258, 05-28 03:30:51.237 BL= 279,ESS= 260, 05-28 03:30:51.337 BL= 279,ESS= 262, 05-28 03:30:51.369 BL= 280,ESS= 262, 
05-28 15:30:51.369   533  9808 I BTAudioHalDeviceProxy: LoadAudioConfig: savitech low latency = 0
05-28 15:30:51.376   533  9808 I chatty  : uid=1041(audioserver) writer identical 6 lines
05-28 15:30:51.376   533  9808 I BTAudioHalDeviceProxy: LoadAudioConfig: savitech low latency = 0
05-28 15:30:51.377  1316  3238 I InputDispatcher: setInputWindows displayId=0 Window{84ae030 mode=0 rootTaskId=1 u0 NavigationBar0} Window{4a063c0 mode=0 rootTaskId=1 u0 StatusBar} Window{77ce709 mode=0 rootTaskId=1 u0 com.teslacoilsw.launcher/com.teslacoilsw.launcher.NovaLauncher} Window{21365ac mode=0 rootTaskId=1 u0 com.miui.miwallpaper.wallpaperservice.MiuiKeyguardPictorialWallpaper} Window{2192320 mode=0 rootTaskId=1 u0 com.miui.miwallpaper.wallpaperservice.ImageWallpaper} 
05-28 15:30:51.383  1789  1807 I ndroid.systemu: NativeAlloc concurrent copying GC freed 8401(502KB) AllocSpace objects, 0(0B) LOS objects, 49% free, 14MB/29MB, paused 72us total 146.515ms
05-28 15:30:51.385  4230  5207 D TrafficManageService: onReceive: intent.action = com.android.server.action.NETWORK_STATS_UPDATED
05-28 15:30:51.386   961  1025 D AAL     : DRECurveCalculation: BLKNUM = 16 8
05-28 15:30:51.392   533  9808 I BTAudioHalDeviceProxy: LoadAudioConfig: savitech low latency = 0
05-28 15:30:51.393   533  9808 I chatty  : uid=1041(audioserver) writer identical 4 lines
05-28 15:30:51.393   533  9808 I BTAudioHalDeviceProxy: LoadAudioConfig: savitech low latency = 0
05-28 15:30:51.394  1316  3238 I InputDispatcher: setInputWindows displayId=0 Window{84ae030 mode=0 rootTaskId=1 u0 NavigationBar0} Window{4a063c0 mode=0 rootTaskId=1 u0 StatusBar} Window{77ce709 mode=0 rootTaskId=1 u0 com.teslacoilsw.launcher/com.teslacoilsw.launcher.NovaLauncher} Window{21365ac mode=0 rootTaskId=1 u0 com.miui.miwallpaper.wallpaperservice.MiuiKeyguardPictorialWallpaper} Window{2192320 mode=0 rootTaskId=1 u0 com.miui.miwallpaper.wallpaperservice.ImageWallpaper} 
05-28 15:30:51.399   533  9808 I BTAudioHalDeviceProxy: LoadAudioConfig: savitech low latency = 0
05-28 15:30:51.399   533  9808 I BTAudioHalDeviceProxy: LoadAudioConfig: savitech low latency = 0
05-28 15:30:51.402   961  1025 D AAL     : DRECurveCalculation: BLKNUM = 16 8
05-28 15:30:51.411  1316  3238 I InputDispatcher: setInputWindows displayId=0 Window{84ae030 mode=0 rootTaskId=1 u0 NavigationBar0} Window{4a063c0 mode=0 rootTaskId=1 u0 StatusBar} Window{77ce709 mode=0 rootTaskId=1 u0 com.teslacoilsw.launcher/com.teslacoilsw.launcher.NovaLauncher} Window{21365ac mode=0 rootTaskId=1 u0 com.miui.miwallpaper.wallpaperservice.MiuiKeyguardPictorialWallpaper} Window{2192320 mode=0 rootTaskId=1 u0 com.miui.miwallpaper.wallpaperservice.ImageWallpaper} 
05-28 15:30:51.415   533  9808 I BTAudioHalDeviceProxy: LoadAudioConfig: savitech low latency = 0
05-28 15:30:51.416   533  9808 I chatty  : uid=1041(audioserver) writer identical 4 lines
05-28 15:30:51.416   533  9808 I BTAudioHalDeviceProxy: LoadAudioConfig: savitech low latency = 0
05-28 15:30:51.419   961  1025 D AAL     : DRECurveCalculation: BLKNUM = 16 8
05-28 15:30:51.421   533  9808 I BTAudioHalDeviceProxy: LoadAudioConfig: savitech low latency = 0
05-28 15:30:51.427   533  9808 I chatty  : uid=1041(audioserver) writer identical 4 lines
05-28 15:30:51.427   533  9808 I BTAudioHalDeviceProxy: LoadAudioConfig: savitech low latency = 0
05-28 15:30:51.427  1316  1998 I InputDispatcher: setInputWindows displayId=0 Window{84ae030 mode=0 rootTaskId=1 u0 NavigationBar0} Window{4a063c0 mode=0 rootTaskId=1 u0 StatusBar} Window{77ce709 mode=0 rootTaskId=1 u0 com.teslacoilsw.launcher/com.teslacoilsw.launcher.NovaLauncher} Window{21365ac mode=0 rootTaskId=1 u0 com.miui.miwallpaper.wallpaperservice.MiuiKeyguardPictorialWallpaper} Window{2192320 mode=0 rootTaskId=1 u0 com.miui.miwallpaper.wallpaperservice.ImageWallpaper} 
05-28 15:30:51.435   961  1025 D AAL     : DRECurveCalculation: BLKNUM = 16 8
05-28 15:30:51.439   533  9808 I BTAudioHalDeviceProxy: LoadAudioConfig: savitech low latency = 0
05-28 15:30:51.439   533  9808 I chatty  : uid=1041(audioserver) writer identical 4 lines
05-28 15:30:51.439   533  9808 I BTAudioHalDeviceProxy: LoadAudioConfig: savitech low latency = 0
05-28 15:30:51.444  1316  3238 I InputDispatcher: setInputWindows displayId=0 Window{84ae030 mode=0 rootTaskId=1 u0 NavigationBar0} Window{4a063c0 mode=0 rootTaskId=1 u0 StatusBar} Window{77ce709 mode=0 rootTaskId=1 u0 com.teslacoilsw.launcher/com.teslacoilsw.launcher.NovaLauncher} Window{21365ac mode=0 rootTaskId=1 u0 com.miui.miwallpaper.wallpaperservice.MiuiKeyguardPictorialWallpaper} Window{2192320 mode=0 rootTaskId=1 u0 com.miui.miwallpaper.wallpaperservice.ImageWallpaper} 
05-28 15:30:51.445   533  9808 I BTAudioHalDeviceProxy: LoadAudioConfig: savitech low latency = 0
05-28 15:30:51.445   533  9808 I BTAudioHalDeviceProxy: LoadAudioConfig: savitech low latency = 0
05-28 15:30:51.452   961  1025 D AAL     : DRECurveCalculation: BLKNUM = 16 8
05-28 15:30:51.461  1316  1998 I InputDispatcher: setInputWindows displayId=0 Window{84ae030 mode=0 rootTaskId=1 u0 NavigationBar0} Window{4a063c0 mode=0 rootTaskId=1 u0 StatusBar} Window{77ce709 mode=0 rootTaskId=1 u0 com.teslacoilsw.launcher/com.teslacoilsw.launcher.NovaLauncher} Window{21365ac mode=0 rootTaskId=1 u0 com.miui.miwallpaper.wallpaperservice.MiuiKeyguardPictorialWallpaper} Window{2192320 mode=0 rootTaskId=1 u0 com.miui.miwallpaper.wallpaperservice.ImageWallpaper} 
05-28 15:30:51.462   533  9808 I BTAudioHalDeviceProxy: LoadAudioConfig: savitech low latency = 0
05-28 15:30:51.462   533  9808 I chatty  : uid=1041(audioserver) writer identical 3 lines
05-28 15:30:51.462   533  9808 I BTAudioHalDeviceProxy: LoadAudioConfig: savitech low latency = 0
05-28 15:30:51.462 19215 19374 D AudioTrack: getMarkerPosition(): 0x6f8bcb5500, marker = 23447176
05-28 15:30:51.462 19215 19374 D AudioTrack: setMarkerPosition(607): 0x6f8bcb5500, marker = 23448200
05-28 15:30:51.462   533  9808 I BTAudioHalDeviceProxy: LoadAudioConfig: savitech low latency = 0
05-28 15:30:51.463 19215 19374 D AudioTrack: getMarkerPosition(): 0x6f8bcb5500, marker = 23448200
05-28 15:30:51.463 19215 19374 D AudioTrack: setMarkerPosition(607): 0x6f8bcb5500, marker = 23449224
05-28 15:30:51.463 19215 19374 D AudioTrack: getMarkerPosition(): 0x6f8bcb5500, marker = 23449224
05-28 15:30:51.463 19215 19374 I chatty  : uid=10452(com.spotify.music) AndroidAudioDri identical 1 line
05-28 15:30:51.463 19215 19374 D AudioTrack: getMarkerPosition(): 0x6f8bcb5500, marker = 23449224
05-28 15:30:51.463 19215 19374 D AudioTrack: setMarkerPosition(607): 0x6f8bcb5500, marker = 23450248
05-28 15:30:51.463 19215 19374 D AudioTrack: getMarkerPosition(): 0x6f8bcb5500, marker = 23450248
05-28 15:30:51.463 19215 19374 D AudioTrack: setMarkerPosition(607): 0x6f8bcb5500, marker = 23451272
05-28 15:30:51.463 19215 19374 D AudioTrack: getMarkerPosition(): 0x6f8bcb5500, marker = 23451272
05-28 15:30:51.463 19215 19374 D AudioTrack: setMarkerPosition(607): 0x6f8bcb5500, marker = 23452296
05-28 15:30:51.463 19215 19374 D AudioTrack: getMarkerPosition(): 0x6f8bcb5500, marker = 23452296
05-28 15:30:51.463 19215 19374 D AudioTrack: setMarkerPosition(607): 0x6f8bcb5500, marker = 23453320
05-28 15:30:51.463 19215 19374 D AudioTrack: getMarkerPosition(): 0x6f8bcb5500, marker = 23453320
05-28 15:30:51.463 19215 19374 D AudioTrack: setMarkerPosition(607): 0x6f8bcb5500, marker = 23454344
05-28 15:30:51.463 19215 19374 D AudioTrack: getMarkerPosition(): 0x6f8bcb5500, marker = 23454344
05-28 15:30:51.463 19215 19374 D AudioTrack: setMarkerPosition(607): 0x6f8bcb5500, marker = 23455368
05-28 15:30:51.463 19215 19374 D AudioTrack: getMarkerPosition(): 0x6f8bcb5500, marker = 23455368
05-28 15:30:51.463 19215 19374 D AudioTrack: setMarkerPosition(607): 0x6f8bcb5500, marker = 23456392
05-28 15:30:51.463 19215 19374 D AudioTrack: getMarkerPosition(): 0x6f8bcb5500, marker = 23456392
05-28 15:30:51.463 19215 19374 D AudioTrack: setMarkerPosition(607): 0x6f8bcb5500, marker = 23457416
05-28 15:30:51.463 19215 19374 D AudioTrack: getMarkerPosition(): 0x6f8bcb5500, marker = 23457416
05-28 15:30:51.463 19215 19374 D AudioTrack: setMarkerPosition(607): 0x6f8bcb5500, marker = 23458440
05-28 15:30:51.463 19215 19374 D AudioTrack: getMarkerPosition(): 0x6f8bcb5500, marker = 23458440
05-28 15:30:51.463 19215 19374 D AudioTrack: setMarkerPosition(607): 0x6f8bcb5500, marker = 23459464
05-28 15:30:51.463 19215 19374 D AudioTrack: getMarkerPosition(): 0x6f8bcb5500, marker = 23459464
05-28 15:30:51.463 19215 19374 D AudioTrack: setMarkerPosition(607): 0x6f8bcb5500, marker = 23460488
05-28 15:30:51.465 19215 19374 D AudioTrack: getMarkerPosition(): 0x6f8bcb5500, marker = 23460488
05-28 15:30:51.465 19215 19374 D AudioTrack: setMarkerPosition(607): 0x6f8bcb5500, marker = 23461512
05-28 15:30:51.465 19215 19374 D AudioTrack: getMarkerPosition(): 0x6f8bcb5500, marker = 23461512
05-28 15:30:51.465 19215 19374 D AudioTrack: setMarkerPosition(607): 0x6f8bcb5500, marker = 23462536
05-28 15:30:51.465 19215 19374 D AudioTrack: getMarkerPosition(): 0x6f8bcb5500, marker = 23462536
05-28 15:30:51.465 19215 19374 D AudioTrack: setMarkerPosition(607): 0x6f8bcb5500, marker = 23463560
05-28 15:30:51.466 19215 19374 D AudioTrack: getMarkerPosition(): 0x6f8bcb5500, marker = 23463560
05-28 15:30:51.466 19215 19374 D AudioTrack: setMarkerPosition(607): 0x6f8bcb5500, marker = 23464584
05-28 15:30:51.466 19215 19374 D AudioTrack: getMarkerPosition(): 0x6f8bcb5500, marker = 23464584
05-28 15:30:51.466 19215 19374 D AudioTrack: setMarkerPosition(607): 0x6f8bcb5500, marker = 23465608
05-28 15:30:51.466 19215 19374 D AudioTrack: getMarkerPosition(): 0x6f8bcb5500, marker = 23465608
05-28 15:30:51.466 19215 19374 D AudioTrack: setMarkerPosition(607): 0x6f8bcb5500, marker = 23466632
05-28 15:30:51.467 19215 19374 D AudioTrack: getMarkerPosition(): 0x6f8bcb5500, marker = 23466632
05-28 15:30:51.467 19215 19374 D AudioTrack: setMarkerPosition(607): 0x6f8bcb5500, marker = 23467656
05-28 15:30:51.467 19215 19374 D AudioTrack: getMarkerPosition(): 0x6f8bcb5500, marker = 23467656
05-28 15:30:51.467 19215 19374 D AudioTrack: setMarkerPosition(607): 0x6f8bcb5500, marker = 23468680
05-28 15:30:51.467 19215 19374 D AudioTrack: getMarkerPosition(): 0x6f8bcb5500, marker = 23468680
05-28 15:30:51.467 19215 19374 D AudioTrack: setMarkerPosition(607): 0x6f8bcb5500, marker = 23469704
05-28 15:30:51.468   533  9808 I BTAudioHalDeviceProxy: LoadAudioConfig: savitech low latency = 0
05-28 15:30:51.468   533  9808 I BTAudioHalDeviceProxy: LoadAudioConfig: savitech low latency = 0
05-28 15:30:51.469   961  1025 D AAL     : DRECurveCalculation: BLKNUM = 16 8
05-28 15:30:51.477  1316  3238 I InputDispatcher: setInputWindows displayId=0 Window{84ae030 mode=0 rootTaskId=1 u0 NavigationBar0} Window{4a063c0 mode=0 rootTaskId=1 u0 StatusBar} Window{77ce709 mode=0 rootTaskId=1 u0 com.teslacoilsw.launcher/com.teslacoilsw.launcher.NovaLauncher} Window{21365ac mode=0 rootTaskId=1 u0 com.miui.miwallpaper.wallpaperservice.MiuiKeyguardPictorialWallpaper} Window{2192320 mode=0 rootTaskId=1 u0 com.miui.miwallpaper.wallpaperservice.ImageWallpaper} 
05-28 15:30:51.484   533  9808 I BTAudioHalDeviceProxy: LoadAudioConfig: savitech low latency = 0
05-28 15:30:51.485   533  9808 I chatty  : uid=1041(audioserver) writer identical 4 lines
05-28 15:30:51.485   533  9808 I BTAudioHalDeviceProxy: LoadAudioConfig: savitech low latency = 0
05-28 15:30:51.485   961  1025 D AAL     : DRECurveCalculation: BLKNUM = 16 8
05-28 15:30:51.490   533  9808 I BTAudioHalDeviceProxy: LoadAudioConfig: savitech low latency = 0
05-28 15:30:51.491   533  9808 I chatty  : uid=1041(audioserver) writer identical 2 lines
05-28 15:30:51.491   533  9808 I BTAudioHalDeviceProxy: LoadAudioConfig: savitech low latency = 0
05-28 15:30:51.494  1316  3238 I InputDispatcher: setInputWindows displayId=0 Window{84ae030 mode=0 rootTaskId=1 u0 NavigationBar0} Window{4a063c0 mode=0 rootTaskId=1 u0 StatusBar} Window{77ce709 mode=0 rootTaskId=1 u0 com.teslacoilsw.launcher/com.teslacoilsw.launcher.NovaLauncher} Window{21365ac mode=0 rootTaskId=1 u0 com.miui.miwallpaper.wallpaperservice.MiuiKeyguardPictorialWallpaper} Window{2192320 mode=0 rootTaskId=1 u0 com.miui.miwallpaper.wallpaperservice.ImageWallpaper} 
05-28 15:30:51.496 15715 15774 I akeh    : (REDACTED) remove existing package for update: %s
05-28 15:30:51.496   533  9808 I BTAudioHalDeviceProxy: LoadAudioConfig: savitech low latency = 0
05-28 15:30:51.496   533  9808 I BTAudioHalDeviceProxy: LoadAudioConfig: savitech low latency = 0
05-28 15:30:51.497 15715 25419 I dpqy    : (REDACTED) soft deleting data for %s
05-28 15:30:51.498 15715 15769 I akeh    : (REDACTED) remove existing package for update: %s
05-28 15:30:51.502 15715 15762 I akeh    : (REDACTED) remove existing package for update: %s
05-28 15:30:51.502   961  1025 D AAL     : DRECurveCalculation: BLKNUM = 16 8
05-28 15:30:51.504 15715 15769 I akeh    : (REDACTED) remove existing package for update: %s
05-28 15:30:51.507 15715 15774 I akeh    : (REDACTED) remove existing package for update: %s
05-28 15:30:51.508   533  9808 I BTAudioHalDeviceProxy: LoadAudioConfig: savitech low latency = 0
05-28 15:30:51.508   533  9808 I chatty  : uid=1041(audioserver) writer identical 4 lines
05-28 15:30:51.509   533  9808 I BTAudioHalDeviceProxy: LoadAudioConfig: savitech low latency = 0
05-28 15:30:51.509 15715 15774 I akeh    : (REDACTED) remove existing package for update: %s
05-28 15:30:51.511  1316  3238 I InputDispatcher: setInputWindows displayId=0 Window{84ae030 mode=0 rootTaskId=1 u0 NavigationBar0} Window{4a063c0 mode=0 rootTaskId=1 u0 StatusBar} Window{77ce709 mode=0 rootTaskId=1 u0 com.teslacoilsw.launcher/com.teslacoilsw.launcher.NovaLauncher} Window{21365ac mode=0 rootTaskId=1 u0 com.miui.miwallpaper.wallpaperservice.MiuiKeyguardPictorialWallpaper} Window{2192320 mode=0 rootTaskId=1 u0 com.miui.miwallpaper.wallpaperservice.ImageWallpaper} 
05-28 15:30:51.513 15715 15770 I dpqo    : Scheduling deletion propagation for Geller data.
05-28 15:30:51.513 15715 26583 I dpqo    : Performing deletion propagation for Geller data.
05-28 15:30:51.514   533  9808 I BTAudioHalDeviceProxy: LoadAudioConfig: savitech low latency = 0
05-28 15:30:51.514   533  9808 I BTAudioHalDeviceProxy: LoadAudioConfig: savitech low latency = 0
05-28 15:30:51.515 15715 15770 I dpqo    : Scheduling deletion propagation for Geller data.
05-28 15:30:51.515 15715 15774 I dpqo    : Scheduling deletion propagation for Geller data.
05-28 15:30:51.515 15715 25419 I dpqy    : (REDACTED) Writing data of size=%d bytes with N=%d keys to Geller corpus %s at ts=%d
05-28 15:30:51.515 15715 25402 I dpqo    : Performing deletion propagation for Geller data.
05-28 15:30:51.515 15715 26583 I dpqo    : Performing deletion propagation for Geller data.
05-28 15:30:51.516 15715 15762 I dpqo    : Scheduling deletion propagation for Geller data.
05-28 15:30:51.516 15715 15774 I akeh    : refreshDeviceAppInfoForAccount done.
05-28 15:30:51.516 15715 15770 I dpqo    : Scheduling deletion propagation for Geller data.
05-28 15:30:51.516 15715 26582 I dpqo    : Performing deletion propagation for Geller data.
05-28 15:30:51.516 15715 26584 I dpqo    : Performing deletion propagation for Geller data.
05-28 15:30:51.519   961  1025 D AAL     : DRECurveCalculation: BLKNUM = 16 8
05-28 15:30:51.521 15715 15774 I akeh    : refreshDeviceAppInfoForAccount done.
05-28 15:30:51.524 15715 15774 I akeh    : refreshDeviceAppInfoForAccount done.
05-28 15:30:51.524 15715 15770 I dpqo    : Scheduling deletion propagation for Geller data.
05-28 15:30:51.525 15715 26582 I dpqo    : Performing deletion propagation for Geller data.
05-28 15:30:51.527  1316  3238 I InputDispatcher: setInputWindows displayId=0 Window{84ae030 mode=0 rootTaskId=1 u0 NavigationBar0} Window{4a063c0 mode=0 rootTaskId=1 u0 StatusBar} Window{77ce709 mode=0 rootTaskId=1 u0 com.teslacoilsw.launcher/com.teslacoilsw.launcher.NovaLauncher} Window{21365ac mode=0 rootTaskId=1 u0 com.miui.miwallpaper.wallpaperservice.MiuiKeyguardPictorialWallpaper} Window{2192320 mode=0 rootTaskId=1 u0 com.miui.miwallpaper.wallpaperservice.ImageWallpaper} 
05-28 15:30:51.529 15715 15770 I akeh    : refreshDeviceAppInfoForAccount done.
05-28 15:30:51.530   533  9808 I BTAudioHalDeviceProxy: LoadAudioConfig: savitech low latency = 0
05-28 15:30:51.531   533  9808 I chatty  : uid=1041(audioserver) writer identical 4 lines
05-28 15:30:51.531   533  9808 I BTAudioHalDeviceProxy: LoadAudioConfig: savitech low latency = 0
05-28 15:30:51.531  4230  5207 D TrafficManageService: onReceive: intent.action = com.android.server.action.NETWORK_STATS_UPDATED
05-28 15:30:51.533 15715 15770 I akeh    : refreshDeviceAppInfoForAccount done.
05-28 15:30:51.535   961  1025 D AAL     : DRECurveCalculation: BLKNUM = 16 8
05-28 15:30:51.536 15715 15770 I akeh    : refreshDeviceAppInfoForAccount done.
05-28 15:30:51.536   533  9808 I BTAudioHalDeviceProxy: LoadAudioConfig: savitech low latency = 0
05-28 15:30:51.536   533  9808 I BTAudioHalDeviceProxy: LoadAudioConfig: savitech low latency = 0
05-28 15:30:51.544  1316  3238 I InputDispatcher: setInputWindows displayId=0 Window{84ae030 mode=0 rootTaskId=1 u0 NavigationBar0} Window{4a063c0 mode=0 rootTaskId=1 u0 StatusBar} Window{77ce709 mode=0 rootTaskId=1 u0 com.teslacoilsw.launcher/com.teslacoilsw.launcher.NovaLauncher} Window{21365ac mode=0 rootTaskId=1 u0 com.miui.miwallpaper.wallpaperservice.MiuiKeyguardPictorialWallpaper} Window{2192320 mode=0 rootTaskId=1 u0 com.miui.miwallpaper.wallpaperservice.ImageWallpaper} 
05-28 15:30:51.546  1316  1337 I Timeline: Timeline: App_transition_stopped time:117498172
05-28 15:30:51.550  1316  1459 I GED     : [GT]_get_procNameprocess pid(1316)
05-28 15:30:51.550  1316  1459 I GED     : [GT]_getprocess name(system_server)
05-28 15:30:51.550  1316  1459 I system_server: [GT] ret(1) gt_status(00000000) aniso_debug_level(0) gt_aniso_max_level(16) ani so mask(00000001) tri mask(00000002)
05-28 15:30:51.550  1316  1459 I libMEOW_gift: ctx:0xb400006f027a7c90, ARC not Enabled.
05-28 15:30:51.552   961  1025 D AAL     : DRECurveCalculation: BLKNUM = 16 8
05-28 15:30:51.553   533  9808 I BTAudioHalDeviceProxy: LoadAudioConfig: savitech low latency = 0
05-28 15:30:51.559   533  9808 I chatty  : uid=1041(audioserver) writer identical 6 lines
05-28 15:30:51.560   533  9808 I BTAudioHalDeviceProxy: LoadAudioConfig: savitech low latency = 0
05-28 15:30:51.561  1316  3238 I InputDispatcher: setInputWindows displayId=0 Window{84ae030 mode=0 rootTaskId=1 u0 NavigationBar0} Window{4a063c0 mode=0 rootTaskId=1 u0 StatusBar} Window{77ce709 mode=0 rootTaskId=1 u0 com.teslacoilsw.launcher/com.teslacoilsw.launcher.NovaLauncher} Window{21365ac mode=0 rootTaskId=1 u0 com.miui.miwallpaper.wallpaperservice.MiuiKeyguardPictorialWallpaper} Window{2192320 mode=0 rootTaskId=1 u0 com.miui.miwallpaper.wallpaperservice.ImageWallpaper} 
05-28 15:30:51.566  1316  1459 I GED     : ged_boost_gpu_freq, level 100, eOrigin 2, final_idx 27, oppidx_max 27, oppidx_min 0
05-28 15:30:51.569   961  1025 D AAL     : DRECurveCalculation: BLKNUM = 16 8
05-28 15:30:51.576   533  9808 I BTAudioHalDeviceProxy: LoadAudioConfig: savitech low latency = 0
05-28 15:30:51.577   533  9808 I chatty  : uid=1041(audioserver) writer identical 4 lines
05-28 15:30:51.577   533  9808 I BTAudioHalDeviceProxy: LoadAudioConfig: savitech low latency = 0
05-28 15:30:51.577  1316  2103 I InputDispatcher: setInputWindows displayId=0 Window{84ae030 mode=0 rootTaskId=1 u0 NavigationBar0} Window{4a063c0 mode=0 rootTaskId=1 u0 StatusBar} Window{77ce709 mode=0 rootTaskId=1 u0 com.teslacoilsw.launcher/com.teslacoilsw.launcher.NovaLauncher} Window{21365ac mode=0 rootTaskId=1 u0 com.miui.miwallpaper.wallpaperservice.MiuiKeyguardPictorialWallpaper} Window{2192320 mode=0 rootTaskId=1 u0 com.miui.miwallpaper.wallpaperservice.ImageWallpaper} 
05-28 15:30:51.582   533  9808 I BTAudioHalDeviceProxy: LoadAudioConfig: savitech low latency = 0
05-28 15:30:51.583   533  9808 I chatty  : uid=1041(audioserver) writer identical 2 lines
05-28 15:30:51.583   533  9808 I BTAudioHalDeviceProxy: LoadAudioConfig: savitech low latency = 0
05-28 15:30:51.585   961  1025 D AAL     : DRECurveCalculation: BLKNUM = 16 8
05-28 15:30:51.588   533  9808 I BTAudioHalDeviceProxy: LoadAudioConfig: savitech low latency = 0
05-28 15:30:51.600   533  9808 I chatty  : uid=1041(audioserver) writer identical 6 lines
05-28 15:30:51.600   533  9808 I BTAudioHalDeviceProxy: LoadAudioConfig: savitech low latency = 0
05-28 15:30:51.602   961  1025 D AAL     : DRECurveCalculation: BLKNUM = 16 8
05-28 15:30:51.606   533  9808 I BTAudioHalDeviceProxy: LoadAudioConfig: savitech low latency = 0
05-28 15:30:51.606   533  9808 I BTAudioHalDeviceProxy: LoadAudioConfig: savitech low latency = 0
05-28 15:30:51.619   961  1025 D AAL     : DRECurveCalculation: BLKNUM = 16 8
05-28 15:30:51.623   533  9808 I BTAudioHalDeviceProxy: LoadAudioConfig: savitech low latency = 0
05-28 15:30:51.629   533  9808 I chatty  : uid=1041(audioserver) writer identical 6 lines
05-28 15:30:51.629   533  9808 I BTAudioHalDeviceProxy: LoadAudioConfig: savitech low latency = 0
05-28 15:30:51.632  1316  1555 I MiuiNetworkPolicy: updateUidState uid = 10450, uidState = 19
05-28 15:30:51.632  1316  1555 I MiuiNetworkPolicy: updateUidState uid = 10360, uidState = 19
05-28 15:30:51.636   961  1025 D AAL     : DRECurveCalculation: BLKNUM = 16 8
05-28 15:30:51.637   527   527 D Zygote  : Forked child process 26678
05-28 15:30:51.639  1316  1347 I ActivityManager: Start proc 26678:tv.twitch.bttvandroid.app/u0a360 for broadcast {tv.twitch.bttvandroid.app/com.google.firebase.iid.FirebaseInstanceIdReceiver} caller=com.google.android.gms
05-28 15:30:51.643   575   653 I mtkpower@impl: [powerd_req] TIMER_MSG_PERF_LOCK_TIMEOUT hdl:12587
05-28 15:30:51.643   575   653 I libPowerHal: [perfLockRel] hdl:12587, idx:1
05-28 15:30:51.643   575   653 I libPowerHal: [PD] scn:1 hdl:12587 lock_user:system_server pid:1316 tid:2103 dur:400
05-28 15:30:51.643   575   653 I libPowerHal: system_server: set gpu opp level: 27
05-28 15:30:51.643   575   653 I libPowerHal: system_server: set gpu opp level max: 0
05-28 15:30:51.646   533  9808 I BTAudioHalDeviceProxy: LoadAudioConfig: savitech low latency = 0
05-28 15:30:51.646   533  9808 I chatty  : uid=1041(audioserver) writer identical 4 lines
05-28 15:30:51.646   533  9808 I BTAudioHalDeviceProxy: LoadAudioConfig: savitech low latency = 0
05-28 15:30:51.650 26678 26678 E bttvandroid.ap: Not starting debugger since process cannot load the jdwp agent.
05-28 15:30:51.652   533  9808 I BTAudioHalDeviceProxy: LoadAudioConfig: savitech low latency = 0
05-28 15:30:51.652   533  9808 I chatty  : uid=1041(audioserver) writer identical 2 lines
05-28 15:30:51.652   533  9808 I BTAudioHalDeviceProxy: LoadAudioConfig: savitech low latency = 0
05-28 15:30:51.652   961  1025 D AAL     : DRECurveCalculation: BLKNUM = 16 8
05-28 15:30:51.657   533  9808 I BTAudioHalDeviceProxy: LoadAudioConfig: savitech low latency = 0
05-28 15:30:51.658   533  9808 I BTAudioHalDeviceProxy: LoadAudioConfig: savitech low latency = 0
05-28 15:30:51.663  1316  1555 I MiuiNetworkPolicy: updateUidState uid = 10360, uidState = 11
05-28 15:30:51.668   533  9808 I BTAudioHalDeviceProxy: LoadAudioConfig: savitech low latency = 0
05-28 15:30:51.669   533  9808 I chatty  : uid=1041(audioserver) writer identical 4 lines
05-28 15:30:51.669   533  9808 I BTAudioHalDeviceProxy: LoadAudioConfig: savitech low latency = 0
05-28 15:30:51.669   961  1025 D AAL     : DRECurveCalculation: BLKNUM = 16 8
05-28 15:30:51.674   533  9808 I BTAudioHalDeviceProxy: LoadAudioConfig: savitech low latency = 0
05-28 15:30:51.674   533  9808 I BTAudioHalDeviceProxy: LoadAudioConfig: savitech low latency = 0
05-28 15:30:51.686   961  1025 D AAL     : DRECurveCalculation: BLKNUM = 16 8
